135.125.246.110 - - [16/Feb/2024:22:22:01 +0100] "POST / HTTP/1.1" 403 196 "-" "Mozilla/5.0 (X11; Linux x86_64) AppleWebKit/537.36 (KHTML, like Gecko) Chrome/81.0.4044.129 Safari/537.36"
83.205.85.143 - - [16/Feb/2024:22:22:37 +0100] "POST /wp-admin/admin-ajax.php HTTP/1.1" 200 58 "http://exo2.exam-datascientest1.cloudns.be/wp-admin/" "Mozilla/5.0 (Macintosh; Intel Mac OS X 10_15_7) AppleWebKit/537.36 (KHTML, like Gecko) Chrome/121.0.0.0 Safari/537.36"
83.205.85.143 - - [16/Feb/2024:22:24:38 +0100] "POST /wp-admin/admin-ajax.php HTTP/1.1" 200 58 "http://exo2.exam-datascientest1.cloudns.be/wp-admin/" "Mozilla/5.0 (Macintosh; Intel Mac OS X 10_15_7) AppleWebKit/537.36 (KHTML, like Gecko) Chrome/121.0.0.0 Safari/537.36"
83.205.85.143 - - [16/Feb/2024:22:25:38 +0100] "POST /wp-admin/admin-ajax.php HTTP/1.1" 200 58 "http://exo2.exam-datascientest1.cloudns.be/wp-admin/" "Mozilla/5.0 (Macintosh; Intel Mac OS X 10_15_7) AppleWebKit/537.36 (KHTML, like Gecko) Chrome/121.0.0.0 Safari/537.36"
83.205.85.143 - - [16/Feb/2024:22:26:48 +0100] "POST /wp-admin/admin-ajax.php HTTP/1.1" 200 58 "http://exo2.exam-datascientest1.cloudns.be/wp-admin/" "Mozilla/5.0 (Macintosh; Intel Mac OS X 10_15_7) AppleWebKit/537.36 (KHTML, like Gecko) Chrome/121.0.0.0 Safari/537.36"
83.205.85.143 - - [16/Feb/2024:22:27:48 +0100] "POST /wp-admin/admin-ajax.php HTTP/1.1" 200 58 "http://exo2.exam-datascientest1.cloudns.be/wp-admin/" "Mozilla/5.0 (Macintosh; Intel Mac OS X 10_15_7) AppleWebKit/537.36 (KHTML, like Gecko) Chrome/121.0.0.0 Safari/537.36"
83.205.85.143 - - [16/Feb/2024:22:29:49 +0100] "POST /wp-admin/admin-ajax.php HTTP/1.1" 200 58 "http://exo2.exam-datascientest1.cloudns.be/wp-admin/" "Mozilla/5.0 (Macintosh; Intel Mac OS X 10_15_7) AppleWebKit/537.36 (KHTML, like Gecko) Chrome/121.0.0.0 Safari/537.36"
83.205.85.143 - - [16/Feb/2024:22:31:24 +0100] "POST /wp-admin/admin-ajax.php HTTP/1.1" 200 58 "http://exo2.exam-datascientest1.cloudns.be/wp-admin/" "Mozilla/5.0 (Macintosh; Intel Mac OS X 10_15_7) AppleWebKit/537.36 (KHTML, like Gecko) Chrome/121.0.0.0 Safari/537.36"
83.205.85.143 - - [16/Feb/2024:22:32:24 +0100] "POST /wp-admin/admin-ajax.php HTTP/1.1" 200 58 "http://exo2.exam-datascientest1.cloudns.be/wp-admin/" "Mozilla/5.0 (Macintosh; Intel Mac OS X 10_15_7) AppleWebKit/537.36 (KHTML, like Gecko) Chrome/121.0.0.0 Safari/537.36"
83.205.85.143 - - [16/Feb/2024:22:34:24 +0100] "POST /wp-admin/admin-ajax.php HTTP/1.1" 200 58 "http://exo2.exam-datascientest1.cloudns.be/wp-admin/" "Mozilla/5.0 (Macintosh; Intel Mac OS X 10_15_7) AppleWebKit/537.36 (KHTML, like Gecko) Chrome/121.0.0.0 Safari/537.36"
83.205.85.143 - - [16/Feb/2024:22:36:24 +0100] "POST /wp-admin/admin-ajax.php HTTP/1.1" 200 58 "http://exo2.exam-datascientest1.cloudns.be/wp-admin/" "Mozilla/5.0 (Macintosh; Intel Mac OS X 10_15_7) AppleWebKit/537.36 (KHTML, like Gecko) Chrome/121.0.0.0 Safari/537.36"
31.220.3.140 - - [16/Feb/2024:22:38:01 +0100] "GET / HTTP/1.1" 200 612 "-" "-"
31.220.3.140 - - [16/Feb/2024:22:38:01 +0100] "POST /HNAP1/ HTTP/1.1" 404 134 "-" "Mozila/5.0"
83.205.85.143 - - [16/Feb/2024:22:38:24 +0100] "POST /wp-admin/admin-ajax.php HTTP/1.1" 200 58 "http://exo2.exam-datascientest1.cloudns.be/wp-admin/" "Mozilla/5.0 (Macintosh; Intel Mac OS X 10_15_7) AppleWebKit/537.36 (KHTML, like Gecko) Chrome/121.0.0.0 Safari/537.36"
83.205.85.143 - - [16/Feb/2024:22:40:24 +0100] "POST /wp-admin/admin-ajax.php HTTP/1.1" 200 58 "http://exo2.exam-datascientest1.cloudns.be/wp-admin/" "Mozilla/5.0 (Macintosh; Intel Mac OS X 10_15_7) AppleWebKit/537.36 (KHTML, like Gecko) Chrome/121.0.0.0 Safari/537.36"
83.205.85.143 - - [16/Feb/2024:22:47:29 +0100] "POST /wp-admin/admin-ajax.php HTTP/1.1" 200 58 "http://exo2.exam-datascientest1.cloudns.be/wp-admin/" "Mozilla/5.0 (Macintosh; Intel Mac OS X 10_15_7) AppleWebKit/537.36 (KHTML, like Gecko) Chrome/121.0.0.0 Safari/537.36"
83.205.85.143 - - [16/Feb/2024:22:48:29 +0100] "POST /wp-admin/admin-ajax.php HTTP/1.1" 200 58 "http://exo2.exam-datascientest1.cloudns.be/wp-admin/" "Mozilla/5.0 (Macintosh; Intel Mac OS X 10_15_7) AppleWebKit/537.36 (KHTML, like Gecko) Chrome/121.0.0.0 Safari/537.36"
83.205.85.143 - - [16/Feb/2024:22:50:29 +0100] "POST /wp-admin/admin-ajax.php HTTP/1.1" 200 58 "http://exo2.exam-datascientest1.cloudns.be/wp-admin/" "Mozilla/5.0 (Macintosh; Intel Mac OS X 10_15_7) AppleWebKit/537.36 (KHTML, like Gecko) Chrome/121.0.0.0 Safari/537.36"
83.205.85.143 - - [16/Feb/2024:22:52:29 +0100] "POST /wp-admin/admin-ajax.php HTTP/1.1" 200 58 "http://exo2.exam-datascientest1.cloudns.be/wp-admin/" "Mozilla/5.0 (Macintosh; Intel Mac OS X 10_15_7) AppleWebKit/537.36 (KHTML, like Gecko) Chrome/121.0.0.0 Safari/537.36"
83.205.85.143 - - [16/Feb/2024:22:54:30 +0100] "POST /wp-admin/admin-ajax.php HTTP/1.1" 200 58 "http://exo2.exam-datascientest1.cloudns.be/wp-admin/" "Mozilla/5.0 (Macintosh; Intel Mac OS X 10_15_7) AppleWebKit/537.36 (KHTML, like Gecko) Chrome/121.0.0.0 Safari/537.36"
83.205.85.143 - - [16/Feb/2024:22:55:30 +0100] "POST /wp-admin/admin-ajax.php HTTP/1.1" 200 58 "http://exo2.exam-datascientest1.cloudns.be/wp-admin/" "Mozilla/5.0 (Macintosh; Intel Mac OS X 10_15_7) AppleWebKit/537.36 (KHTML, like Gecko) Chrome/121.0.0.0 Safari/537.36"
83.205.85.143 - - [16/Feb/2024:22:57:31 +0100] "POST /wp-admin/admin-ajax.php HTTP/1.1" 200 58 "http://exo2.exam-datascientest1.cloudns.be/wp-admin/" "Mozilla/5.0 (Macintosh; Intel Mac OS X 10_15_7) AppleWebKit/537.36 (KHTML, like Gecko) Chrome/121.0.0.0 Safari/537.36"
45.79.181.104 - - [16/Feb/2024:22:57:39 +0100] "\x16\x03\x01\x00\x85\x01\x00\x00\x81\x03\x03\xC0\xD5\xBAA|&\xF4r^\x8B1\x89\xEEd" 400 166 "-" "-"
83.205.85.143 - - [16/Feb/2024:22:59:32 +0100] "POST /wp-admin/admin-ajax.php HTTP/1.1" 200 58 "http://exo2.exam-datascientest1.cloudns.be/wp-admin/" "Mozilla/5.0 (Macintosh; Intel Mac OS X 10_15_7) AppleWebKit/537.36 (KHTML, like Gecko) Chrome/121.0.0.0 Safari/537.36"
83.205.85.143 - - [16/Feb/2024:23:00:33 +0100] "POST /wp-admin/admin-ajax.php HTTP/1.1" 200 58 "http://exo2.exam-datascientest1.cloudns.be/wp-admin/" "Mozilla/5.0 (Macintosh; Intel Mac OS X 10_15_7) AppleWebKit/537.36 (KHTML, like Gecko) Chrome/121.0.0.0 Safari/537.36"
83.205.85.143 - - [16/Feb/2024:23:01:33 +0100] "POST /wp-admin/admin-ajax.php HTTP/1.1" 200 58 "http://exo2.exam-datascientest1.cloudns.be/wp-admin/" "Mozilla/5.0 (Macintosh; Intel Mac OS X 10_15_7) AppleWebKit/537.36 (KHTML, like Gecko) Chrome/121.0.0.0 Safari/537.36"
83.205.85.143 - - [16/Feb/2024:23:03:33 +0100] "POST /wp-admin/admin-ajax.php HTTP/1.1" 200 58 "http://exo2.exam-datascientest1.cloudns.be/wp-admin/" "Mozilla/5.0 (Macintosh; Intel Mac OS X 10_15_7) AppleWebKit/537.36 (KHTML, like Gecko) Chrome/121.0.0.0 Safari/537.36"
83.205.85.143 - - [16/Feb/2024:23:05:33 +0100] "POST /wp-admin/admin-ajax.php HTTP/1.1" 200 58 "http://exo2.exam-datascientest1.cloudns.be/wp-admin/" "Mozilla/5.0 (Macintosh; Intel Mac OS X 10_15_7) AppleWebKit/537.36 (KHTML, like Gecko) Chrome/121.0.0.0 Safari/537.36"
83.205.85.143 - - [16/Feb/2024:23:07:33 +0100] "POST /wp-admin/admin-ajax.php HTTP/1.1" 200 58 "http://exo2.exam-datascientest1.cloudns.be/wp-admin/" "Mozilla/5.0 (Macintosh; Intel Mac OS X 10_15_7) AppleWebKit/537.36 (KHTML, like Gecko) Chrome/121.0.0.0 Safari/537.36"
83.205.85.143 - - [16/Feb/2024:23:09:33 +0100] "POST /wp-admin/admin-ajax.php HTTP/1.1" 200 58 "http://exo2.exam-datascientest1.cloudns.be/wp-admin/" "Mozilla/5.0 (Macintosh; Intel Mac OS X 10_15_7) AppleWebKit/537.36 (KHTML, like Gecko) Chrome/121.0.0.0 Safari/537.36"
34.242.60.45 - - [16/Feb/2024:23:21:10 +0100] "POST /wp-cron.php?doing_wp_cron=1708122070.6660420894622802734375 HTTP/1.1" 200 31 "-" "WordPress/6.4.3; http://exo2.exam-datascientest1.cloudns.be"
83.205.85.143 - - [16/Feb/2024:23:21:10 +0100] "POST /wp-admin/admin-ajax.php HTTP/1.1" 200 58 "http://exo2.exam-datascientest1.cloudns.be/wp-admin/" "Mozilla/5.0 (Macintosh; Intel Mac OS X 10_15_7) AppleWebKit/537.36 (KHTML, like Gecko) Chrome/121.0.0.0 Safari/537.36"
83.205.85.143 - - [16/Feb/2024:23:22:10 +0100] "POST /wp-admin/admin-ajax.php HTTP/1.1" 200 58 "http://exo2.exam-datascientest1.cloudns.be/wp-admin/" "Mozilla/5.0 (Macintosh; Intel Mac OS X 10_15_7) AppleWebKit/537.36 (KHTML, like Gecko) Chrome/121.0.0.0 Safari/537.36"
47.88.6.178 - - [16/Feb/2024:23:22:18 +0100] "GET / HTTP/1.1" 200 396 "-" "Mozilla/5.0 (Linux; Android 10; LIO-AN00 Build/HUAWEILIO-AN00; wv) AppleWebKit/537.36 (KHTML, like Gecko) Chrome/103.0.5060.114 Mobile Safari/537.36"
47.89.193.162 - - [16/Feb/2024:23:22:19 +0100] "GET /Public/home/js/check.js HTTP/1.1" 404 197 "-" "Mozilla/5.0 (Linux; Android 10; LIO-AN00 Build/HUAWEILIO-AN00; wv) AppleWebKit/537.36 (KHTML, like Gecko) Chrome/103.0.5060.114 Mobile Safari/537.36"
47.254.85.182 - - [16/Feb/2024:23:22:20 +0100] "GET /static/admin/javascript/hetong.js HTTP/1.1" 404 197 "-" "Mozilla/5.0 (Linux; Android 10; LIO-AN00 Build/HUAWEILIO-AN00; wv) AppleWebKit/537.36 (KHTML, like Gecko) Chrome/103.0.5060.114 Mobile Safari/537.36"
83.205.85.143 - - [16/Feb/2024:23:24:10 +0100] "POST /wp-admin/admin-ajax.php HTTP/1.1" 200 58 "http://exo2.exam-datascientest1.cloudns.be/wp-admin/" "Mozilla/5.0 (Macintosh; Intel Mac OS X 10_15_7) AppleWebKit/537.36 (KHTML, like Gecko) Chrome/121.0.0.0 Safari/537.36"
83.205.85.143 - - [16/Feb/2024:23:26:10 +0100] "POST /wp-admin/admin-ajax.php HTTP/1.1" 200 58 "http://exo2.exam-datascientest1.cloudns.be/wp-admin/" "Mozilla/5.0 (Macintosh; Intel Mac OS X 10_15_7) AppleWebKit/537.36 (KHTML, like Gecko) Chrome/121.0.0.0 Safari/537.36"
83.205.85.143 - - [16/Feb/2024:23:28:10 +0100] "POST /wp-admin/admin-ajax.php HTTP/1.1" 200 58 "http://exo2.exam-datascientest1.cloudns.be/wp-admin/" "Mozilla/5.0 (Macintosh; Intel Mac OS X 10_15_7) AppleWebKit/537.36 (KHTML, like Gecko) Chrome/121.0.0.0 Safari/537.36"
83.205.85.143 - - [16/Feb/2024:23:30:10 +0100] "POST /wp-admin/admin-ajax.php HTTP/1.1" 200 58 "http://exo2.exam-datascientest1.cloudns.be/wp-admin/" "Mozilla/5.0 (Macintosh; Intel Mac OS X 10_15_7) AppleWebKit/537.36 (KHTML, like Gecko) Chrome/121.0.0.0 Safari/537.36"
83.205.85.143 - - [16/Feb/2024:23:32:32 +0100] "POST /wp-admin/admin-ajax.php HTTP/1.1" 200 58 "http://exo2.exam-datascientest1.cloudns.be/wp-admin/" "Mozilla/5.0 (Macintosh; Intel Mac OS X 10_15_7) AppleWebKit/537.36 (KHTML, like Gecko) Chrome/121.0.0.0 Safari/537.36"
83.205.85.143 - - [16/Feb/2024:23:33:32 +0100] "POST /wp-admin/admin-ajax.php HTTP/1.1" 200 58 "http://exo2.exam-datascientest1.cloudns.be/wp-admin/" "Mozilla/5.0 (Macintosh; Intel Mac OS X 10_15_7) AppleWebKit/537.36 (KHTML, like Gecko) Chrome/121.0.0.0 Safari/537.36"
83.205.85.143 - - [16/Feb/2024:23:35:32 +0100] "POST /wp-admin/admin-ajax.php HTTP/1.1" 200 58 "http://exo2.exam-datascientest1.cloudns.be/wp-admin/" "Mozilla/5.0 (Macintosh; Intel Mac OS X 10_15_7) AppleWebKit/537.36 (KHTML, like Gecko) Chrome/121.0.0.0 Safari/537.36"
83.205.85.143 - - [16/Feb/2024:23:37:32 +0100] "POST /wp-admin/admin-ajax.php HTTP/1.1" 200 58 "http://exo2.exam-datascientest1.cloudns.be/wp-admin/" "Mozilla/5.0 (Macintosh; Intel Mac OS X 10_15_7) AppleWebKit/537.36 (KHTML, like Gecko) Chrome/121.0.0.0 Safari/537.36"
83.205.85.143 - - [16/Feb/2024:23:39:32 +0100] "POST /wp-admin/admin-ajax.php HTTP/1.1" 200 58 "http://exo2.exam-datascientest1.cloudns.be/wp-admin/" "Mozilla/5.0 (Macintosh; Intel Mac OS X 10_15_7) AppleWebKit/537.36 (KHTML, like Gecko) Chrome/121.0.0.0 Safari/537.36"
83.205.85.143 - - [16/Feb/2024:23:41:32 +0100] "POST /wp-admin/admin-ajax.php HTTP/1.1" 200 58 "http://exo2.exam-datascientest1.cloudns.be/wp-admin/" "Mozilla/5.0 (Macintosh; Intel Mac OS X 10_15_7) AppleWebKit/537.36 (KHTML, like Gecko) Chrome/121.0.0.0 Safari/537.36"
83.205.85.143 - - [16/Feb/2024:23:42:53 +0100] "POST /wp-admin/admin-ajax.php HTTP/1.1" 200 58 "http://exo2.exam-datascientest1.cloudns.be/wp-admin/" "Mozilla/5.0 (Macintosh; Intel Mac OS X 10_15_7) AppleWebKit/537.36 (KHTML, like Gecko) Chrome/121.0.0.0 Safari/537.36"
83.205.85.143 - - [16/Feb/2024:23:43:53 +0100] "POST /wp-admin/admin-ajax.php HTTP/1.1" 200 58 "http://exo2.exam-datascientest1.cloudns.be/wp-admin/" "Mozilla/5.0 (Macintosh; Intel Mac OS X 10_15_7) AppleWebKit/537.36 (KHTML, like Gecko) Chrome/121.0.0.0 Safari/537.36"
83.205.85.143 - - [16/Feb/2024:23:44:53 +0100] "POST /wp-admin/admin-ajax.php HTTP/1.1" 200 58 "http://exo2.exam-datascientest1.cloudns.be/wp-admin/" "Mozilla/5.0 (Macintosh; Intel Mac OS X 10_15_7) AppleWebKit/537.36 (KHTML, like Gecko) Chrome/121.0.0.0 Safari/537.36"
83.205.85.143 - - [16/Feb/2024:23:46:53 +0100] "POST /wp-admin/admin-ajax.php HTTP/1.1" 200 58 "http://exo2.exam-datascientest1.cloudns.be/wp-admin/" "Mozilla/5.0 (Macintosh; Intel Mac OS X 10_15_7) AppleWebKit/537.36 (KHTML, like Gecko) Chrome/121.0.0.0 Safari/537.36"
83.205.85.143 - - [16/Feb/2024:23:48:53 +0100] "POST /wp-admin/admin-ajax.php HTTP/1.1" 200 58 "http://exo2.exam-datascientest1.cloudns.be/wp-admin/" "Mozilla/5.0 (Macintosh; Intel Mac OS X 10_15_7) AppleWebKit/537.36 (KHTML, like Gecko) Chrome/121.0.0.0 Safari/537.36"
83.205.85.143 - - [16/Feb/2024:23:50:53 +0100] "POST /wp-admin/admin-ajax.php HTTP/1.1" 200 58 "http://exo2.exam-datascientest1.cloudns.be/wp-admin/" "Mozilla/5.0 (Macintosh; Intel Mac OS X 10_15_7) AppleWebKit/537.36 (KHTML, like Gecko) Chrome/121.0.0.0 Safari/537.36"
83.205.85.143 - - [16/Feb/2024:23:52:53 +0100] "POST /wp-admin/admin-ajax.php HTTP/1.1" 200 58 "http://exo2.exam-datascientest1.cloudns.be/wp-admin/" "Mozilla/5.0 (Macintosh; Intel Mac OS X 10_15_7) AppleWebKit/537.36 (KHTML, like Gecko) Chrome/121.0.0.0 Safari/537.36"
135.125.246.110 - - [17/Feb/2024:00:17:06 +0100] "GET /.env HTTP/1.1" 404 197 "-" "Mozilla/5.0 (X11; Linux x86_64) AppleWebKit/537.36 (KHTML, like Gecko) Chrome/81.0.4044.129 Safari/537.36"
135.125.246.110 - - [17/Feb/2024:00:17:06 +0100] "POST / HTTP/1.1" 403 196 "-" "Mozilla/5.0 (X11; Linux x86_64) AppleWebKit/537.36 (KHTML, like Gecko) Chrome/81.0.4044.129 Safari/537.36"
34.242.60.45 - - [17/Feb/2024:00:32:55 +0100] "POST /wp-cron.php?doing_wp_cron=1708126375.0044670104980468750000 HTTP/1.1" 200 31 "-" "WordPress/6.4.3; http://exo2.exam-datascientest1.cloudns.be"
83.205.85.143 - - [17/Feb/2024:00:32:55 +0100] "POST /wp-admin/admin-ajax.php HTTP/1.1" 200 58 "http://exo2.exam-datascientest1.cloudns.be/wp-admin/" "Mozilla/5.0 (Macintosh; Intel Mac OS X 10_15_7) AppleWebKit/537.36 (KHTML, like Gecko) Chrome/121.0.0.0 Safari/537.36"
198.235.24.69 - - [17/Feb/2024:00:34:13 +0100] "GET / HTTP/1.0" 200 13 "-" "Expanse, a Palo Alto Networks company, searches across the global IPv4 space multiple times per day to identify customers&#39; presences on the Internet. If you would like to be excluded from our scans, please send IP addresses/domains to: scaninfo@paloaltonetworks.com"
86.67.122.214 - - [17/Feb/2024:00:38:19 +0100] "GET /favicon.ico HTTP/1.1" 404 197 "http://exo2.exam-datascientest1.cloudns.be/" "Mozilla/5.0 (Windows NT 10.0; Win64; x64) AppleWebKit/537.36 (KHTML, like Gecko) Chrome/123.0.0.0 Safari/537.36 Edg/123.0.0.0"
86.67.122.214 - - [17/Feb/2024:00:38:19 +0100] "GET /wp-admin/install.php HTTP/1.1" 200 553 "-" "Mozilla/5.0 (Windows NT 10.0; Win64; x64) AppleWebKit/537.36 (KHTML, like Gecko) Chrome/123.0.0.0 Safari/537.36 Edg/123.0.0.0"
86.67.122.214 - - [17/Feb/2024:00:38:20 +0100] "GET /wp-includes/css/dashicons.css?ver=6.4.3 HTTP/1.1" 200 62361 "http://exo2.exam-datascientest1.cloudns.be/wp-admin/install.php" "Mozilla/5.0 (Windows NT 10.0; Win64; x64) AppleWebKit/537.36 (KHTML, like Gecko) Chrome/123.0.0.0 Safari/537.36 Edg/123.0.0.0"
86.67.122.214 - - [17/Feb/2024:00:38:20 +0100] "GET /wp-includes/css/buttons.css?ver=6.4.3 HTTP/1.1" 200 9680 "http://exo2.exam-datascientest1.cloudns.be/wp-admin/install.php" "Mozilla/5.0 (Windows NT 10.0; Win64; x64) AppleWebKit/537.36 (KHTML, like Gecko) Chrome/123.0.0.0 Safari/537.36 Edg/123.0.0.0"
86.67.122.214 - - [17/Feb/2024:00:38:20 +0100] "GET /wp-admin/css/forms.css?ver=6.4.3 HTTP/1.1" 200 35766 "http://exo2.exam-datascientest1.cloudns.be/wp-admin/install.php" "Mozilla/5.0 (Windows NT 10.0; Win64; x64) AppleWebKit/537.36 (KHTML, like Gecko) Chrome/123.0.0.0 Safari/537.36 Edg/123.0.0.0"
86.67.122.214 - - [17/Feb/2024:00:38:20 +0100] "GET /wp-admin/css/l10n.css?ver=6.4.3 HTTP/1.1" 200 3689 "http://exo2.exam-datascientest1.cloudns.be/wp-admin/install.php" "Mozilla/5.0 (Windows NT 10.0; Win64; x64) AppleWebKit/537.36 (KHTML, like Gecko) Chrome/123.0.0.0 Safari/537.36 Edg/123.0.0.0"
86.67.122.214 - - [17/Feb/2024:00:38:20 +0100] "GET /wp-admin/css/install.css?ver=6.4.3 HTTP/1.1" 200 6219 "http://exo2.exam-datascientest1.cloudns.be/wp-admin/install.php" "Mozilla/5.0 (Windows NT 10.0; Win64; x64) AppleWebKit/537.36 (KHTML, like Gecko) Chrome/123.0.0.0 Safari/537.36 Edg/123.0.0.0"
86.67.122.214 - - [17/Feb/2024:00:38:20 +0100] "GET /wp-admin/images/wordpress-logo.svg?ver=20131107 HTTP/1.1" 200 1521 "http://exo2.exam-datascientest1.cloudns.be/wp-admin/css/install.css?ver=6.4.3" "Mozilla/5.0 (Windows NT 10.0; Win64; x64) AppleWebKit/537.36 (KHTML, like Gecko) Chrome/123.0.0.0 Safari/537.36 Edg/123.0.0.0"
185.254.196.173 - - [17/Feb/2024:00:50:47 +0100] "GET /.env HTTP/1.1" 404 197 "-" "Mozilla/5.0 (X11; Linux x86_64) AppleWebKit/537.36 (KHTML, like Gecko) Chrome/81.0.4044.129 Safari/537.36"
185.254.196.173 - - [17/Feb/2024:00:50:48 +0100] "POST / HTTP/1.1" 403 196 "-" "Mozilla/5.0 (X11; Linux x86_64) AppleWebKit/537.36 (KHTML, like Gecko) Chrome/81.0.4044.129 Safari/537.36"
185.224.128.55 - - [17/Feb/2024:00:52:25 +0100] "GET / HTTP/1.1" 200 396 "-" "Mozilla/5.0 (Windows NT 10.0; Win64; x64) AppleWebKit/537.36 (KHTML, like Gecko) Chrome/90.0.4430.85 Safari/537.36 Edg/90.0.818.46"
86.67.122.214 - - [17/Feb/2024:01:20:34 +0100] "GET /favicon.ico HTTP/1.1" 404 197 "http://exo2.exam-datascientest1.cloudns.be/" "Mozilla/5.0 (Windows NT 10.0; Win64; x64) AppleWebKit/537.36 (KHTML, like Gecko) Chrome/121.0.0.0 Safari/537.36"
198.199.93.63 - - [17/Feb/2024:01:20:47 +0100] "GET / HTTP/1.1" 200 396 "-" "Mozilla/5.0 zgrab/0.x"
135.125.246.110 - - [17/Feb/2024:01:52:50 +0100] "GET /.env HTTP/1.1" 404 197 "-" "Mozilla/5.0 (X11; Linux x86_64) AppleWebKit/537.36 (KHTML, like Gecko) Chrome/81.0.4044.129 Safari/537.36"
135.125.246.110 - - [17/Feb/2024:01:52:50 +0100] "POST / HTTP/1.1" 405 568 "-" "Mozilla/5.0 (X11; Linux x86_64) AppleWebKit/537.36 (KHTML, like Gecko) Chrome/81.0.4044.129 Safari/537.36"
185.254.196.173 - - [17/Feb/2024:02:20:23 +0100] "GET /.env HTTP/1.1" 404 197 "-" "Mozilla/5.0 (X11; Linux x86_64) AppleWebKit/537.36 (KHTML, like Gecko) Chrome/81.0.4044.129 Safari/537.36"
185.254.196.173 - - [17/Feb/2024:02:20:24 +0100] "POST / HTTP/1.1" 405 568 "-" "Mozilla/5.0 (X11; Linux x86_64) AppleWebKit/537.36 (KHTML, like Gecko) Chrome/81.0.4044.129 Safari/537.36"
107.170.240.15 - - [17/Feb/2024:02:22:04 +0100] "MGLNDD_34.242.60.45_80" 400 166 "-" "-"
185.91.127.217 - - [17/Feb/2024:02:41:43 +0100] "POST /boaform/admin/formLogin HTTP/1.1" 404 134 "http://34.242.60.45:80/admin/login.asp" "Mozilla/5.0 (X11; Ubuntu; Linux x86_64; rv:71.0) Gecko/20100101 Firefox/71.0"
185.91.127.217 - - [17/Feb/2024:02:41:43 +0100] "" 400 0 "-" "-"
135.125.246.189 - - [17/Feb/2024:03:13:00 +0100] "GET /.env HTTP/1.1" 404 197 "-" "Mozilla/5.0 (X11; Linux x86_64) AppleWebKit/537.36 (KHTML, like Gecko) Chrome/81.0.4044.129 Safari/537.36"
135.125.246.189 - - [17/Feb/2024:03:13:00 +0100] "POST / HTTP/1.1" 403 196 "-" "Mozilla/5.0 (X11; Linux x86_64) AppleWebKit/537.36 (KHTML, like Gecko) Chrome/81.0.4044.129 Safari/537.36"
83.205.85.143 - - [17/Feb/2024:13:08:48 +0100] "GET / HTTP/1.1" 200 44 "-" "Mozilla/5.0 (Macintosh; Intel Mac OS X 10_15_7) AppleWebKit/537.36 (KHTML, like Gecko) Chrome/121.0.0.0 Safari/537.36"
83.205.85.143 - - [17/Feb/2024:13:08:48 +0100] "GET /favicon.ico HTTP/1.1" 404 197 "http://exo2.exam-datascientest1.cloudns.be/" "Mozilla/5.0 (Macintosh; Intel Mac OS X 10_15_7) AppleWebKit/537.36 (KHTML, like Gecko) Chrome/121.0.0.0 Safari/537.36"
3.250.217.106 - - [17/Feb/2024:13:09:02 +0100] "POST /wp-cron.php?doing_wp_cron=1708171742.5028290748596191406250 HTTP/1.1" 200 31 "-" "WordPress/6.4.3; http://exo2.exam-datascientest1.cloudns.be"
83.205.85.143 - - [17/Feb/2024:13:09:03 +0100] "GET /wp-admin/ HTTP/1.1" 200 28270 "-" "Mozilla/5.0 (Macintosh; Intel Mac OS X 10_15_7) AppleWebKit/537.36 (KHTML, like Gecko) Chrome/121.0.0.0 Safari/537.36"
83.205.85.143 - - [17/Feb/2024:13:09:04 +0100] "POST /wp-admin/admin-ajax.php HTTP/1.1" 200 1328 "http://exo2.exam-datascientest1.cloudns.be/wp-admin/" "Mozilla/5.0 (Macintosh; Intel Mac OS X 10_15_7) AppleWebKit/537.36 (KHTML, like Gecko) Chrome/121.0.0.0 Safari/537.36"
83.205.85.143 - - [17/Feb/2024:13:09:15 +0100] "GET /wp-admin/admin-ajax.php?action=dashboard-widgets&widget=dashboard_primary&pagenow=dashboard HTTP/1.1" 200 340 "http://exo2.exam-datascientest1.cloudns.be/wp-admin/" "Mozilla/5.0 (Macintosh; Intel Mac OS X 10_15_7) AppleWebKit/537.36 (KHTML, like Gecko) Chrome/121.0.0.0 Safari/537.36"
83.205.85.143 - - [17/Feb/2024:13:09:25 +0100] "GET /wp-admin/users.php HTTP/1.1" 200 15085 "http://exo2.exam-datascientest1.cloudns.be/wp-admin/" "Mozilla/5.0 (Macintosh; Intel Mac OS X 10_15_7) AppleWebKit/537.36 (KHTML, like Gecko) Chrome/121.0.0.0 Safari/537.36"
83.205.85.143 - - [17/Feb/2024:13:09:35 +0100] "GET /wp-admin/tools.php HTTP/1.1" 200 11639 "http://exo2.exam-datascientest1.cloudns.be/wp-admin/users.php" "Mozilla/5.0 (Macintosh; Intel Mac OS X 10_15_7) AppleWebKit/537.36 (KHTML, like Gecko) Chrome/121.0.0.0 Safari/537.36"
3.250.217.106 - - [17/Feb/2024:13:09:40 +0100] "GET /index.php?rest_route=%2Fwp%2Fv2%2Ftypes%2Fpost&context=edit HTTP/1.1" 200 44 "-" "WordPress/6.4.3; http://exo2.exam-datascientest1.cloudns.be"
83.205.85.143 - - [17/Feb/2024:13:09:40 +0100] "GET /wp-admin/site-health.php HTTP/1.1" 200 17625 "http://exo2.exam-datascientest1.cloudns.be/wp-admin/tools.php" "Mozilla/5.0 (Macintosh; Intel Mac OS X 10_15_7) AppleWebKit/537.36 (KHTML, like Gecko) Chrome/121.0.0.0 Safari/537.36"
83.205.85.143 - - [17/Feb/2024:13:09:40 +0100] "GET /index.php?rest_route=%2Fwp-site-health%2Fv1%2Ftests%2Fdotorg-communication&_locale=user HTTP/1.1" 200 44 "http://exo2.exam-datascientest1.cloudns.be/wp-admin/site-health.php" "Mozilla/5.0 (Macintosh; Intel Mac OS X 10_15_7) AppleWebKit/537.36 (KHTML, like Gecko) Chrome/121.0.0.0 Safari/537.36"
83.205.85.143 - - [17/Feb/2024:13:09:40 +0100] "GET /index.php?rest_route=%2Fwp-site-health%2Fv1%2Ftests%2Fbackground-updates&_locale=user HTTP/1.1" 200 44 "http://exo2.exam-datascientest1.cloudns.be/wp-admin/site-health.php" "Mozilla/5.0 (Macintosh; Intel Mac OS X 10_15_7) AppleWebKit/537.36 (KHTML, like Gecko) Chrome/121.0.0.0 Safari/537.36"
83.205.85.143 - - [17/Feb/2024:13:09:40 +0100] "GET /index.php?rest_route=%2Fwp-site-health%2Fv1%2Ftests%2Floopback-requests&_locale=user HTTP/1.1" 200 44 "http://exo2.exam-datascientest1.cloudns.be/wp-admin/site-health.php" "Mozilla/5.0 (Macintosh; Intel Mac OS X 10_15_7) AppleWebKit/537.36 (KHTML, like Gecko) Chrome/121.0.0.0 Safari/537.36"
83.205.85.143 - - [17/Feb/2024:13:09:40 +0100] "GET /index.php?rest_route=%2Fwp-site-health%2Fv1%2Ftests%2Fhttps-status&_locale=user HTTP/1.1" 200 44 "http://exo2.exam-datascientest1.cloudns.be/wp-admin/site-health.php" "Mozilla/5.0 (Macintosh; Intel Mac OS X 10_15_7) AppleWebKit/537.36 (KHTML, like Gecko) Chrome/121.0.0.0 Safari/537.36"
83.205.85.143 - user [17/Feb/2024:13:09:40 +0100] "GET /index.php?rest_route=%2Fwp-site-health%2Fv1%2Ftests%2Fauthorization-header&_locale=user HTTP/1.1" 200 44 "http://exo2.exam-datascientest1.cloudns.be/wp-admin/site-health.php" "Mozilla/5.0 (Macintosh; Intel Mac OS X 10_15_7) AppleWebKit/537.36 (KHTML, like Gecko) Chrome/121.0.0.0 Safari/537.36"
83.205.85.143 - - [17/Feb/2024:13:09:40 +0100] "GET /index.php?rest_route=%2Fwp-site-health%2Fv1%2Ftests%2Fpage-cache&_locale=user HTTP/1.1" 200 44 "http://exo2.exam-datascientest1.cloudns.be/wp-admin/site-health.php" "Mozilla/5.0 (Macintosh; Intel Mac OS X 10_15_7) AppleWebKit/537.36 (KHTML, like Gecko) Chrome/121.0.0.0 Safari/537.36"
83.205.85.143 - - [17/Feb/2024:13:09:40 +0100] "POST /wp-admin/admin-ajax.php HTTP/1.1" 200 27 "http://exo2.exam-datascientest1.cloudns.be/wp-admin/site-health.php" "Mozilla/5.0 (Macintosh; Intel Mac OS X 10_15_7) AppleWebKit/537.36 (KHTML, like Gecko) Chrome/121.0.0.0 Safari/537.36"
83.205.85.143 - - [17/Feb/2024:13:10:10 +0100] "GET /wp-admin/plugins.php?plugin_status=inactive HTTP/1.1" 200 18696 "http://exo2.exam-datascientest1.cloudns.be/wp-admin/site-health.php" "Mozilla/5.0 (Macintosh; Intel Mac OS X 10_15_7) AppleWebKit/537.36 (KHTML, like Gecko) Chrome/121.0.0.0 Safari/537.36"
83.205.85.143 - - [17/Feb/2024:13:10:21 +0100] "POST /wp-admin/plugins.php?plugin_status=inactive HTTP/1.1" 200 18695 "http://exo2.exam-datascientest1.cloudns.be/wp-admin/plugins.php?plugin_status=inactive" "Mozilla/5.0 (Macintosh; Intel Mac OS X 10_15_7) AppleWebKit/537.36 (KHTML, like Gecko) Chrome/121.0.0.0 Safari/537.36"
83.205.85.143 - - [17/Feb/2024:13:10:27 +0100] "GET /wp-admin/tools.php HTTP/1.1" 200 11646 "http://exo2.exam-datascientest1.cloudns.be/wp-admin/plugins.php?plugin_status=inactive" "Mozilla/5.0 (Macintosh; Intel Mac OS X 10_15_7) AppleWebKit/537.36 (KHTML, like Gecko) Chrome/121.0.0.0 Safari/537.36"
3.250.217.106 - - [17/Feb/2024:13:10:29 +0100] "GET /index.php?rest_route=%2Fwp%2Fv2%2Ftypes%2Fpost&context=edit HTTP/1.1" 200 44 "-" "WordPress/6.4.3; http://exo2.exam-datascientest1.cloudns.be"
83.205.85.143 - - [17/Feb/2024:13:10:29 +0100] "GET /wp-admin/site-health.php HTTP/1.1" 200 17630 "http://exo2.exam-datascientest1.cloudns.be/wp-admin/tools.php" "Mozilla/5.0 (Macintosh; Intel Mac OS X 10_15_7) AppleWebKit/537.36 (KHTML, like Gecko) Chrome/121.0.0.0 Safari/537.36"
83.205.85.143 - - [17/Feb/2024:13:10:29 +0100] "GET /index.php?rest_route=%2Fwp-site-health%2Fv1%2Ftests%2Fdotorg-communication&_locale=user HTTP/1.1" 200 44 "http://exo2.exam-datascientest1.cloudns.be/wp-admin/site-health.php" "Mozilla/5.0 (Macintosh; Intel Mac OS X 10_15_7) AppleWebKit/537.36 (KHTML, like Gecko) Chrome/121.0.0.0 Safari/537.36"
83.205.85.143 - - [17/Feb/2024:13:10:29 +0100] "GET /index.php?rest_route=%2Fwp-site-health%2Fv1%2Ftests%2Fbackground-updates&_locale=user HTTP/1.1" 200 44 "http://exo2.exam-datascientest1.cloudns.be/wp-admin/site-health.php" "Mozilla/5.0 (Macintosh; Intel Mac OS X 10_15_7) AppleWebKit/537.36 (KHTML, like Gecko) Chrome/121.0.0.0 Safari/537.36"
83.205.85.143 - - [17/Feb/2024:13:10:30 +0100] "GET /index.php?rest_route=%2Fwp-site-health%2Fv1%2Ftests%2Floopback-requests&_locale=user HTTP/1.1" 200 44 "http://exo2.exam-datascientest1.cloudns.be/wp-admin/site-health.php" "Mozilla/5.0 (Macintosh; Intel Mac OS X 10_15_7) AppleWebKit/537.36 (KHTML, like Gecko) Chrome/121.0.0.0 Safari/537.36"
83.205.85.143 - - [17/Feb/2024:13:10:30 +0100] "GET /index.php?rest_route=%2Fwp-site-health%2Fv1%2Ftests%2Fhttps-status&_locale=user HTTP/1.1" 200 44 "http://exo2.exam-datascientest1.cloudns.be/wp-admin/site-health.php" "Mozilla/5.0 (Macintosh; Intel Mac OS X 10_15_7) AppleWebKit/537.36 (KHTML, like Gecko) Chrome/121.0.0.0 Safari/537.36"
83.205.85.143 - user [17/Feb/2024:13:10:30 +0100] "GET /index.php?rest_route=%2Fwp-site-health%2Fv1%2Ftests%2Fauthorization-header&_locale=user HTTP/1.1" 200 44 "http://exo2.exam-datascientest1.cloudns.be/wp-admin/site-health.php" "Mozilla/5.0 (Macintosh; Intel Mac OS X 10_15_7) AppleWebKit/537.36 (KHTML, like Gecko) Chrome/121.0.0.0 Safari/537.36"
83.205.85.143 - - [17/Feb/2024:13:10:30 +0100] "GET /index.php?rest_route=%2Fwp-site-health%2Fv1%2Ftests%2Fpage-cache&_locale=user HTTP/1.1" 200 44 "http://exo2.exam-datascientest1.cloudns.be/wp-admin/site-health.php" "Mozilla/5.0 (Macintosh; Intel Mac OS X 10_15_7) AppleWebKit/537.36 (KHTML, like Gecko) Chrome/121.0.0.0 Safari/537.36"
83.205.85.143 - - [17/Feb/2024:13:10:30 +0100] "POST /wp-admin/admin-ajax.php HTTP/1.1" 200 27 "http://exo2.exam-datascientest1.cloudns.be/wp-admin/site-health.php" "Mozilla/5.0 (Macintosh; Intel Mac OS X 10_15_7) AppleWebKit/537.36 (KHTML, like Gecko) Chrome/121.0.0.0 Safari/537.36"
83.205.85.143 - - [17/Feb/2024:13:10:36 +0100] "GET /wp-admin/site-health.php?tab=debug HTTP/1.1" 200 18487 "http://exo2.exam-datascientest1.cloudns.be/wp-admin/site-health.php" "Mozilla/5.0 (Macintosh; Intel Mac OS X 10_15_7) AppleWebKit/537.36 (KHTML, like Gecko) Chrome/121.0.0.0 Safari/537.36"
83.205.85.143 - - [17/Feb/2024:13:10:36 +0100] "GET /index.php?rest_route=/wp-site-health/v1/directory-sizes HTTP/1.1" 200 44 "http://exo2.exam-datascientest1.cloudns.be/wp-admin/site-health.php?tab=debug" "Mozilla/5.0 (Macintosh; Intel Mac OS X 10_15_7) AppleWebKit/537.36 (KHTML, like Gecko) Chrome/121.0.0.0 Safari/537.36"
83.205.85.143 - - [17/Feb/2024:13:11:01 +0100] "GET /wp-admin/plugins.php HTTP/1.1" 200 18702 "http://exo2.exam-datascientest1.cloudns.be/wp-admin/site-health.php?tab=debug" "Mozilla/5.0 (Macintosh; Intel Mac OS X 10_15_7) AppleWebKit/537.36 (KHTML, like Gecko) Chrome/121.0.0.0 Safari/537.36"
83.205.85.143 - - [17/Feb/2024:13:11:02 +0100] "GET /wp-admin/themes.php HTTP/1.1" 200 20617 "http://exo2.exam-datascientest1.cloudns.be/wp-admin/plugins.php" "Mozilla/5.0 (Macintosh; Intel Mac OS X 10_15_7) AppleWebKit/537.36 (KHTML, like Gecko) Chrome/121.0.0.0 Safari/537.36"
83.205.85.143 - - [17/Feb/2024:13:11:02 +0100] "GET /wp-content/themes/twentytwentythree/screenshot.png?ver=1.3 HTTP/1.1" 200 95166 "http://exo2.exam-datascientest1.cloudns.be/wp-admin/themes.php" "Mozilla/5.0 (Macintosh; Intel Mac OS X 10_15_7) AppleWebKit/537.36 (KHTML, like Gecko) Chrome/121.0.0.0 Safari/537.36"
83.205.85.143 - - [17/Feb/2024:13:11:03 +0100] "GET /wp-includes/js/backbone.min.js?ver=1.5.0 HTTP/1.1" 200 24140 "http://exo2.exam-datascientest1.cloudns.be/wp-admin/themes.php" "Mozilla/5.0 (Macintosh; Intel Mac OS X 10_15_7) AppleWebKit/537.36 (KHTML, like Gecko) Chrome/121.0.0.0 Safari/537.36"
83.205.85.143 - - [17/Feb/2024:13:11:03 +0100] "GET /wp-includes/js/wp-backbone.js?ver=6.4.3 HTTP/1.1" 200 15240 "http://exo2.exam-datascientest1.cloudns.be/wp-admin/themes.php" "Mozilla/5.0 (Macintosh; Intel Mac OS X 10_15_7) AppleWebKit/537.36 (KHTML, like Gecko) Chrome/121.0.0.0 Safari/537.36"
83.205.85.143 - - [17/Feb/2024:13:11:03 +0100] "GET /wp-includes/js/customize-base.js?ver=6.4.3 HTTP/1.1" 200 25822 "http://exo2.exam-datascientest1.cloudns.be/wp-admin/themes.php" "Mozilla/5.0 (Macintosh; Intel Mac OS X 10_15_7) AppleWebKit/537.36 (KHTML, like Gecko) Chrome/121.0.0.0 Safari/537.36"
83.205.85.143 - - [17/Feb/2024:13:11:03 +0100] "GET /wp-content/themes/twentytwentyfour/screenshot.png?ver=1.0 HTTP/1.1" 200 956898 "http://exo2.exam-datascientest1.cloudns.be/wp-admin/themes.php" "Mozilla/5.0 (Macintosh; Intel Mac OS X 10_15_7) AppleWebKit/537.36 (KHTML, like Gecko) Chrome/121.0.0.0 Safari/537.36"
83.205.85.143 - - [17/Feb/2024:13:11:03 +0100] "GET /wp-content/themes/twentytwentytwo/screenshot.png?ver=1.6 HTTP/1.1" 200 162290 "http://exo2.exam-datascientest1.cloudns.be/wp-admin/themes.php" "Mozilla/5.0 (Macintosh; Intel Mac OS X 10_15_7) AppleWebKit/537.36 (KHTML, like Gecko) Chrome/121.0.0.0 Safari/537.36"
83.205.85.143 - - [17/Feb/2024:13:11:03 +0100] "GET /wp-admin/js/theme.js?ver=6.4.3 HTTP/1.1" 200 55982 "http://exo2.exam-datascientest1.cloudns.be/wp-admin/themes.php" "Mozilla/5.0 (Macintosh; Intel Mac OS X 10_15_7) AppleWebKit/537.36 (KHTML, like Gecko) Chrome/121.0.0.0 Safari/537.36"
83.205.85.143 - - [17/Feb/2024:13:11:11 +0100] "GET /wp-admin/upload.php HTTP/1.1" 200 30702 "http://exo2.exam-datascientest1.cloudns.be/wp-admin/themes.php" "Mozilla/5.0 (Macintosh; Intel Mac OS X 10_15_7) AppleWebKit/537.36 (KHTML, like Gecko) Chrome/121.0.0.0 Safari/537.36"
83.205.85.143 - - [17/Feb/2024:13:11:11 +0100] "GET /wp-includes/js/imgareaselect/imgareaselect.css?ver=0.9.8 HTTP/1.1" 200 790 "http://exo2.exam-datascientest1.cloudns.be/wp-admin/upload.php" "Mozilla/5.0 (Macintosh; Intel Mac OS X 10_15_7) AppleWebKit/537.36 (KHTML, like Gecko) Chrome/121.0.0.0 Safari/537.36"
83.205.85.143 - - [17/Feb/2024:13:11:11 +0100] "GET /wp-includes/css/media-views.css?ver=6.4.3 HTTP/1.1" 200 57373 "http://exo2.exam-datascientest1.cloudns.be/wp-admin/upload.php" "Mozilla/5.0 (Macintosh; Intel Mac OS X 10_15_7) AppleWebKit/537.36 (KHTML, like Gecko) Chrome/121.0.0.0 Safari/537.36"
83.205.85.143 - - [17/Feb/2024:13:11:11 +0100] "GET /wp-includes/js/mediaelement/wp-mediaelement.css?ver=6.4.3 HTTP/1.1" 200 4960 "http://exo2.exam-datascientest1.cloudns.be/wp-admin/upload.php" "Mozilla/5.0 (Macintosh; Intel Mac OS X 10_15_7) AppleWebKit/537.36 (KHTML, like Gecko) Chrome/121.0.0.0 Safari/537.36"
83.205.85.143 - - [17/Feb/2024:13:11:11 +0100] "GET /wp-includes/js/mediaelement/mediaelementplayer-legacy.min.css?ver=4.2.17 HTTP/1.1" 200 11256 "http://exo2.exam-datascientest1.cloudns.be/wp-admin/upload.php" "Mozilla/5.0 (Macintosh; Intel Mac OS X 10_15_7) AppleWebKit/537.36 (KHTML, like Gecko) Chrome/121.0.0.0 Safari/537.36"
83.205.85.143 - - [17/Feb/2024:13:11:11 +0100] "GET /wp-includes/js/plupload/plupload.js?ver=2.1.9 HTTP/1.1" 200 60314 "http://exo2.exam-datascientest1.cloudns.be/wp-admin/upload.php" "Mozilla/5.0 (Macintosh; Intel Mac OS X 10_15_7) AppleWebKit/537.36 (KHTML, like Gecko) Chrome/121.0.0.0 Safari/537.36"
83.205.85.143 - - [17/Feb/2024:13:11:11 +0100] "GET /wp-includes/js/media-models.js?ver=6.4.3 HTTP/1.1" 200 43794 "http://exo2.exam-datascientest1.cloudns.be/wp-admin/upload.php" "Mozilla/5.0 (Macintosh; Intel Mac OS X 10_15_7) AppleWebKit/537.36 (KHTML, like Gecko) Chrome/121.0.0.0 Safari/537.36"
83.205.85.143 - - [17/Feb/2024:13:11:11 +0100] "GET /wp-includes/js/plupload/wp-plupload.js?ver=6.4.3 HTTP/1.1" 200 16442 "http://exo2.exam-datascientest1.cloudns.be/wp-admin/upload.php" "Mozilla/5.0 (Macintosh; Intel Mac OS X 10_15_7) AppleWebKit/537.36 (KHTML, like Gecko) Chrome/121.0.0.0 Safari/537.36"
83.205.85.143 - - [17/Feb/2024:13:11:11 +0100] "GET /wp-includes/js/plupload/moxie.js?ver=1.3.5 HTTP/1.1" 200 254084 "http://exo2.exam-datascientest1.cloudns.be/wp-admin/upload.php" "Mozilla/5.0 (Macintosh; Intel Mac OS X 10_15_7) AppleWebKit/537.36 (KHTML, like Gecko) Chrome/121.0.0.0 Safari/537.36"
83.205.85.143 - - [17/Feb/2024:13:11:11 +0100] "GET /wp-includes/js/mediaelement/mediaelement-and-player.js?ver=4.2.17 HTTP/1.1" 200 265827 "http://exo2.exam-datascientest1.cloudns.be/wp-admin/upload.php" "Mozilla/5.0 (Macintosh; Intel Mac OS X 10_15_7) AppleWebKit/537.36 (KHTML, like Gecko) Chrome/121.0.0.0 Safari/537.36"
83.205.85.143 - - [17/Feb/2024:13:11:11 +0100] "GET /wp-includes/js/mediaelement/mediaelement-migrate.js?ver=6.4.3 HTTP/1.1" 200 2841 "http://exo2.exam-datascientest1.cloudns.be/wp-admin/upload.php" "Mozilla/5.0 (Macintosh; Intel Mac OS X 10_15_7) AppleWebKit/537.36 (KHTML, like Gecko) Chrome/121.0.0.0 Safari/537.36"
83.205.85.143 - - [17/Feb/2024:13:11:11 +0100] "GET /wp-includes/js/mediaelement/wp-mediaelement.js?ver=6.4.3 HTTP/1.1" 200 2754 "http://exo2.exam-datascientest1.cloudns.be/wp-admin/upload.php" "Mozilla/5.0 (Macintosh; Intel Mac OS X 10_15_7) AppleWebKit/537.36 (KHTML, like Gecko) Chrome/121.0.0.0 Safari/537.36"
83.205.85.143 - - [17/Feb/2024:13:11:11 +0100] "GET /wp-includes/js/media-editor.js?ver=6.4.3 HTTP/1.1" 200 29119 "http://exo2.exam-datascientest1.cloudns.be/wp-admin/upload.php" "Mozilla/5.0 (Macintosh; Intel Mac OS X 10_15_7) AppleWebKit/537.36 (KHTML, like Gecko) Chrome/121.0.0.0 Safari/537.36"
83.205.85.143 - - [17/Feb/2024:13:11:11 +0100] "GET /wp-includes/js/media-audiovideo.js?ver=6.4.3 HTTP/1.1" 200 25033 "http://exo2.exam-datascientest1.cloudns.be/wp-admin/upload.php" "Mozilla/5.0 (Macintosh; Intel Mac OS X 10_15_7) AppleWebKit/537.36 (KHTML, like Gecko) Chrome/121.0.0.0 Safari/537.36"
83.205.85.143 - - [17/Feb/2024:13:11:11 +0100] "GET /wp-includes/js/media-views.js?ver=6.4.3 HTTP/1.1" 200 271410 "http://exo2.exam-datascientest1.cloudns.be/wp-admin/upload.php" "Mozilla/5.0 (Macintosh; Intel Mac OS X 10_15_7) AppleWebKit/537.36 (KHTML, like Gecko) Chrome/121.0.0.0 Safari/537.36"
83.205.85.143 - - [17/Feb/2024:13:11:11 +0100] "GET /wp-includes/js/mce-view.js?ver=6.4.3 HTTP/1.1" 200 25849 "http://exo2.exam-datascientest1.cloudns.be/wp-admin/upload.php" "Mozilla/5.0 (Macintosh; Intel Mac OS X 10_15_7) AppleWebKit/537.36 (KHTML, like Gecko) Chrome/121.0.0.0 Safari/537.36"
83.205.85.143 - - [17/Feb/2024:13:11:11 +0100] "GET /wp-includes/js/imgareaselect/jquery.imgareaselect.js?ver=6.4.3 HTTP/1.1" 200 38637 "http://exo2.exam-datascientest1.cloudns.be/wp-admin/upload.php" "Mozilla/5.0 (Macintosh; Intel Mac OS X 10_15_7) AppleWebKit/537.36 (KHTML, like Gecko) Chrome/121.0.0.0 Safari/537.36"
83.205.85.143 - - [17/Feb/2024:13:11:11 +0100] "GET /wp-admin/js/image-edit.js?ver=6.4.3 HTTP/1.1" 200 39122 "http://exo2.exam-datascientest1.cloudns.be/wp-admin/upload.php" "Mozilla/5.0 (Macintosh; Intel Mac OS X 10_15_7) AppleWebKit/537.36 (KHTML, like Gecko) Chrome/121.0.0.0 Safari/537.36"
83.205.85.143 - - [17/Feb/2024:13:11:11 +0100] "GET /wp-includes/js/media-grid.js?ver=6.4.3 HTTP/1.1" 200 26863 "http://exo2.exam-datascientest1.cloudns.be/wp-admin/upload.php" "Mozilla/5.0 (Macintosh; Intel Mac OS X 10_15_7) AppleWebKit/537.36 (KHTML, like Gecko) Chrome/121.0.0.0 Safari/537.36"
83.205.85.143 - - [17/Feb/2024:13:11:11 +0100] "GET /wp-admin/js/media.js?ver=6.4.3 HTTP/1.1" 200 6543 "http://exo2.exam-datascientest1.cloudns.be/wp-admin/upload.php" "Mozilla/5.0 (Macintosh; Intel Mac OS X 10_15_7) AppleWebKit/537.36 (KHTML, like Gecko) Chrome/121.0.0.0 Safari/537.36"
83.205.85.143 - - [17/Feb/2024:13:11:11 +0100] "GET /wp-includes/images/spinner-2x.gif HTTP/1.1" 200 7536 "http://exo2.exam-datascientest1.cloudns.be/wp-includes/css/media-views.css?ver=6.4.3" "Mozilla/5.0 (Macintosh; Intel Mac OS X 10_15_7) AppleWebKit/537.36 (KHTML, like Gecko) Chrome/121.0.0.0 Safari/537.36"
83.205.85.143 - - [17/Feb/2024:13:11:11 +0100] "POST /wp-admin/admin-ajax.php HTTP/1.1" 200 37 "http://exo2.exam-datascientest1.cloudns.be/wp-admin/upload.php" "Mozilla/5.0 (Macintosh; Intel Mac OS X 10_15_7) AppleWebKit/537.36 (KHTML, like Gecko) Chrome/121.0.0.0 Safari/537.36"
83.205.85.143 - - [17/Feb/2024:13:11:13 +0100] "GET /wp-admin/edit.php HTTP/1.1" 200 19312 "http://exo2.exam-datascientest1.cloudns.be/wp-admin/upload.php" "Mozilla/5.0 (Macintosh; Intel Mac OS X 10_15_7) AppleWebKit/537.36 (KHTML, like Gecko) Chrome/121.0.0.0 Safari/537.36"
83.205.85.143 - - [17/Feb/2024:13:11:13 +0100] "GET /wp-admin/js/inline-edit-post.js?ver=6.4.3 HTTP/1.1" 200 18178 "http://exo2.exam-datascientest1.cloudns.be/wp-admin/edit.php" "Mozilla/5.0 (Macintosh; Intel Mac OS X 10_15_7) AppleWebKit/537.36 (KHTML, like Gecko) Chrome/121.0.0.0 Safari/537.36"
83.205.85.143 - - [17/Feb/2024:13:11:13 +0100] "GET /wp-admin/js/tags-suggest.js?ver=6.4.3 HTTP/1.1" 200 5665 "http://exo2.exam-datascientest1.cloudns.be/wp-admin/edit.php" "Mozilla/5.0 (Macintosh; Intel Mac OS X 10_15_7) AppleWebKit/537.36 (KHTML, like Gecko) Chrome/121.0.0.0 Safari/537.36"
83.205.85.143 - - [17/Feb/2024:13:11:13 +0100] "POST /wp-admin/admin-ajax.php HTTP/1.1" 200 58 "http://exo2.exam-datascientest1.cloudns.be/wp-admin/edit.php" "Mozilla/5.0 (Macintosh; Intel Mac OS X 10_15_7) AppleWebKit/537.36 (KHTML, like Gecko) Chrome/121.0.0.0 Safari/537.36"
83.205.85.143 - - [17/Feb/2024:13:11:28 +0100] "POST /wp-admin/admin-ajax.php HTTP/1.1" 200 58 "http://exo2.exam-datascientest1.cloudns.be/wp-admin/edit.php" "Mozilla/5.0 (Macintosh; Intel Mac OS X 10_15_7) AppleWebKit/537.36 (KHTML, like Gecko) Chrome/121.0.0.0 Safari/537.36"
3.250.217.106 - - [17/Feb/2024:13:13:29 +0100] "POST /wp-cron.php?doing_wp_cron=1708172009.8108339309692382812500 HTTP/1.1" 200 31 "-" "WordPress/6.4.3; http://exo2.exam-datascientest1.cloudns.be"
83.205.85.143 - - [17/Feb/2024:13:13:29 +0100] "POST /wp-admin/admin-ajax.php HTTP/1.1" 200 58 "http://exo2.exam-datascientest1.cloudns.be/wp-admin/edit.php" "Mozilla/5.0 (Macintosh; Intel Mac OS X 10_15_7) AppleWebKit/537.36 (KHTML, like Gecko) Chrome/121.0.0.0 Safari/537.36"
83.205.85.143 - - [17/Feb/2024:13:15:30 +0100] "POST /wp-admin/admin-ajax.php HTTP/1.1" 200 58 "http://exo2.exam-datascientest1.cloudns.be/wp-admin/edit.php" "Mozilla/5.0 (Macintosh; Intel Mac OS X 10_15_7) AppleWebKit/537.36 (KHTML, like Gecko) Chrome/121.0.0.0 Safari/537.36"
83.205.85.143 - - [17/Feb/2024:13:17:31 +0100] "POST /wp-admin/admin-ajax.php HTTP/1.1" 200 58 "http://exo2.exam-datascientest1.cloudns.be/wp-admin/edit.php" "Mozilla/5.0 (Macintosh; Intel Mac OS X 10_15_7) AppleWebKit/537.36 (KHTML, like Gecko) Chrome/121.0.0.0 Safari/537.36"
83.205.85.143 - - [17/Feb/2024:13:19:32 +0100] "POST /wp-admin/admin-ajax.php HTTP/1.1" 200 58 "http://exo2.exam-datascientest1.cloudns.be/wp-admin/edit.php" "Mozilla/5.0 (Macintosh; Intel Mac OS X 10_15_7) AppleWebKit/537.36 (KHTML, like Gecko) Chrome/121.0.0.0 Safari/537.36"
83.205.85.143 - - [17/Feb/2024:13:21:33 +0100] "POST /wp-admin/admin-ajax.php HTTP/1.1" 200 58 "http://exo2.exam-datascientest1.cloudns.be/wp-admin/edit.php" "Mozilla/5.0 (Macintosh; Intel Mac OS X 10_15_7) AppleWebKit/537.36 (KHTML, like Gecko) Chrome/121.0.0.0 Safari/537.36"
83.205.85.143 - - [17/Feb/2024:13:23:34 +0100] "POST /wp-admin/admin-ajax.php HTTP/1.1" 200 58 "http://exo2.exam-datascientest1.cloudns.be/wp-admin/edit.php" "Mozilla/5.0 (Macintosh; Intel Mac OS X 10_15_7) AppleWebKit/537.36 (KHTML, like Gecko) Chrome/121.0.0.0 Safari/537.36"
83.205.85.143 - - [17/Feb/2024:13:24:10 +0100] "POST /wp-admin/admin-ajax.php HTTP/1.1" 200 58 "http://exo2.exam-datascientest1.cloudns.be/wp-admin/edit.php" "Mozilla/5.0 (Macintosh; Intel Mac OS X 10_15_7) AppleWebKit/537.36 (KHTML, like Gecko) Chrome/121.0.0.0 Safari/537.36"
83.205.85.143 - - [17/Feb/2024:13:24:25 +0100] "POST /wp-admin/admin-ajax.php HTTP/1.1" 200 58 "http://exo2.exam-datascientest1.cloudns.be/wp-admin/edit.php" "Mozilla/5.0 (Macintosh; Intel Mac OS X 10_15_7) AppleWebKit/537.36 (KHTML, like Gecko) Chrome/121.0.0.0 Safari/537.36"
83.205.85.143 - - [17/Feb/2024:13:25:20 +0100] "POST /wp-admin/admin-ajax.php HTTP/1.1" 200 58 "http://exo2.exam-datascientest1.cloudns.be/wp-admin/edit.php" "Mozilla/5.0 (Macintosh; Intel Mac OS X 10_15_7) AppleWebKit/537.36 (KHTML, like Gecko) Chrome/121.0.0.0 Safari/537.36"
83.205.85.143 - - [17/Feb/2024:13:25:23 +0100] "GET /wp-admin/index.php HTTP/1.1" 200 29099 "http://exo2.exam-datascientest1.cloudns.be/wp-admin/edit.php" "Mozilla/5.0 (Macintosh; Intel Mac OS X 10_15_7) AppleWebKit/537.36 (KHTML, like Gecko) Chrome/121.0.0.0 Safari/537.36"
83.205.85.143 - - [17/Feb/2024:13:26:24 +0100] "POST /wp-admin/admin-ajax.php HTTP/1.1" 200 58 "http://exo2.exam-datascientest1.cloudns.be/wp-admin/index.php" "Mozilla/5.0 (Macintosh; Intel Mac OS X 10_15_7) AppleWebKit/537.36 (KHTML, like Gecko) Chrome/121.0.0.0 Safari/537.36"
83.205.85.143 - - [17/Feb/2024:13:28:25 +0100] "POST /wp-admin/admin-ajax.php HTTP/1.1" 200 58 "http://exo2.exam-datascientest1.cloudns.be/wp-admin/index.php" "Mozilla/5.0 (Macintosh; Intel Mac OS X 10_15_7) AppleWebKit/537.36 (KHTML, like Gecko) Chrome/121.0.0.0 Safari/537.36"
83.205.85.143 - - [17/Feb/2024:13:30:26 +0100] "POST /wp-admin/admin-ajax.php HTTP/1.1" 200 58 "http://exo2.exam-datascientest1.cloudns.be/wp-admin/index.php" "Mozilla/5.0 (Macintosh; Intel Mac OS X 10_15_7) AppleWebKit/537.36 (KHTML, like Gecko) Chrome/121.0.0.0 Safari/537.36"
83.205.85.143 - - [17/Feb/2024:13:32:27 +0100] "POST /wp-admin/admin-ajax.php HTTP/1.1" 200 58 "http://exo2.exam-datascientest1.cloudns.be/wp-admin/index.php" "Mozilla/5.0 (Macintosh; Intel Mac OS X 10_15_7) AppleWebKit/537.36 (KHTML, like Gecko) Chrome/121.0.0.0 Safari/537.36"
83.205.85.143 - - [17/Feb/2024:13:34:28 +0100] "POST /wp-admin/admin-ajax.php HTTP/1.1" 200 58 "http://exo2.exam-datascientest1.cloudns.be/wp-admin/index.php" "Mozilla/5.0 (Macintosh; Intel Mac OS X 10_15_7) AppleWebKit/537.36 (KHTML, like Gecko) Chrome/121.0.0.0 Safari/537.36"
54.204.173.249 - - [17/Feb/2024:13:53:42 +0100] "GET / HTTP/1.1" 403 196 "-" "Mozilla/5.0 (Windows NT 6.2;en-US) AppleWebKit/537.32.36 (KHTML, live Gecko) Chrome/58.0.3026.112 Safari/537.32"
83.205.85.143 - - [17/Feb/2024:13:55:22 +0100] "POST /wp-admin/admin-ajax.php HTTP/1.1" 200 58 "http://exo2.exam-datascientest1.cloudns.be/wp-admin/index.php" "Mozilla/5.0 (Macintosh; Intel Mac OS X 10_15_7) AppleWebKit/537.36 (KHTML, like Gecko) Chrome/121.0.0.0 Safari/537.36"
83.205.85.143 - - [17/Feb/2024:13:56:22 +0100] "POST /wp-admin/admin-ajax.php HTTP/1.1" 200 58 "http://exo2.exam-datascientest1.cloudns.be/wp-admin/index.php" "Mozilla/5.0 (Macintosh; Intel Mac OS X 10_15_7) AppleWebKit/537.36 (KHTML, like Gecko) Chrome/121.0.0.0 Safari/537.36"
83.205.85.143 - - [17/Feb/2024:13:57:22 +0100] "POST /wp-admin/admin-ajax.php HTTP/1.1" 200 58 "http://exo2.exam-datascientest1.cloudns.be/wp-admin/index.php" "Mozilla/5.0 (Macintosh; Intel Mac OS X 10_15_7) AppleWebKit/537.36 (KHTML, like Gecko) Chrome/121.0.0.0 Safari/537.36"
83.205.85.143 - - [17/Feb/2024:13:58:23 +0100] "POST /wp-admin/admin-ajax.php HTTP/1.1" 200 58 "http://exo2.exam-datascientest1.cloudns.be/wp-admin/index.php" "Mozilla/5.0 (Macintosh; Intel Mac OS X 10_15_7) AppleWebKit/537.36 (KHTML, like Gecko) Chrome/121.0.0.0 Safari/537.36"
83.205.85.143 - - [17/Feb/2024:14:00:24 +0100] "POST /wp-admin/admin-ajax.php HTTP/1.1" 200 58 "http://exo2.exam-datascientest1.cloudns.be/wp-admin/index.php" "Mozilla/5.0 (Macintosh; Intel Mac OS X 10_15_7) AppleWebKit/537.36 (KHTML, like Gecko) Chrome/121.0.0.0 Safari/537.36"
83.205.85.143 - - [17/Feb/2024:14:02:25 +0100] "POST /wp-admin/admin-ajax.php HTTP/1.1" 200 58 "http://exo2.exam-datascientest1.cloudns.be/wp-admin/index.php" "Mozilla/5.0 (Macintosh; Intel Mac OS X 10_15_7) AppleWebKit/537.36 (KHTML, like Gecko) Chrome/121.0.0.0 Safari/537.36"
83.205.85.143 - - [17/Feb/2024:14:04:26 +0100] "POST /wp-admin/admin-ajax.php HTTP/1.1" 200 58 "http://exo2.exam-datascientest1.cloudns.be/wp-admin/index.php" "Mozilla/5.0 (Macintosh; Intel Mac OS X 10_15_7) AppleWebKit/537.36 (KHTML, like Gecko) Chrome/121.0.0.0 Safari/537.36"
83.205.85.143 - - [17/Feb/2024:14:06:27 +0100] "POST /wp-admin/admin-ajax.php HTTP/1.1" 200 58 "http://exo2.exam-datascientest1.cloudns.be/wp-admin/index.php" "Mozilla/5.0 (Macintosh; Intel Mac OS X 10_15_7) AppleWebKit/537.36 (KHTML, like Gecko) Chrome/121.0.0.0 Safari/537.36"
185.224.128.55 - - [17/Feb/2024:14:52:38 +0100] "GET / HTTP/1.1" 403 196 "-" "Mozilla/5.0 (Windows NT 10.0; Win64; x64) AppleWebKit/537.36 (KHTML, like Gecko) Chrome/90.0.4430.85 Safari/537.36 Edg/90.0.818.46"
3.250.217.106 - - [17/Feb/2024:15:13:51 +0100] "POST /wp-cron.php?doing_wp_cron=1708179231.3581149578094482421875 HTTP/1.1" 200 31 "-" "WordPress/6.4.3; http://exo2.exam-datascientest1.cloudns.be"
83.205.85.143 - - [17/Feb/2024:15:13:51 +0100] "POST /wp-admin/admin-ajax.php HTTP/1.1" 200 58 "http://exo2.exam-datascientest1.cloudns.be/wp-admin/index.php" "Mozilla/5.0 (Macintosh; Intel Mac OS X 10_15_7) AppleWebKit/537.36 (KHTML, like Gecko) Chrome/121.0.0.0 Safari/537.36"
83.205.85.143 - - [17/Feb/2024:15:14:51 +0100] "POST /wp-admin/admin-ajax.php HTTP/1.1" 200 58 "http://exo2.exam-datascientest1.cloudns.be/wp-admin/index.php" "Mozilla/5.0 (Macintosh; Intel Mac OS X 10_15_7) AppleWebKit/537.36 (KHTML, like Gecko) Chrome/121.0.0.0 Safari/537.36"
83.205.85.143 - - [17/Feb/2024:15:15:51 +0100] "POST /wp-admin/admin-ajax.php HTTP/1.1" 200 58 "http://exo2.exam-datascientest1.cloudns.be/wp-admin/index.php" "Mozilla/5.0 (Macintosh; Intel Mac OS X 10_15_7) AppleWebKit/537.36 (KHTML, like Gecko) Chrome/121.0.0.0 Safari/537.36"
83.205.85.143 - - [17/Feb/2024:15:16:51 +0100] "POST /wp-admin/admin-ajax.php HTTP/1.1" 200 58 "http://exo2.exam-datascientest1.cloudns.be/wp-admin/index.php" "Mozilla/5.0 (Macintosh; Intel Mac OS X 10_15_7) AppleWebKit/537.36 (KHTML, like Gecko) Chrome/121.0.0.0 Safari/537.36"
83.205.85.143 - - [17/Feb/2024:15:17:51 +0100] "POST /wp-admin/admin-ajax.php HTTP/1.1" 200 58 "http://exo2.exam-datascientest1.cloudns.be/wp-admin/index.php" "Mozilla/5.0 (Macintosh; Intel Mac OS X 10_15_7) AppleWebKit/537.36 (KHTML, like Gecko) Chrome/121.0.0.0 Safari/537.36"
83.205.85.143 - - [17/Feb/2024:15:17:57 +0100] "GET /favicon.ico HTTP/1.1" 404 197 "http://exo2.exam-datascientest1.cloudns.be/" "Mozilla/5.0 (Macintosh; Intel Mac OS X 10_15_7) AppleWebKit/537.36 (KHTML, like Gecko) Chrome/121.0.0.0 Safari/537.36 OPR/107.0.0.0"
83.205.85.143 - - [17/Feb/2024:15:18:52 +0100] "POST /wp-admin/admin-ajax.php HTTP/1.1" 200 58 "http://exo2.exam-datascientest1.cloudns.be/wp-admin/index.php" "Mozilla/5.0 (Macintosh; Intel Mac OS X 10_15_7) AppleWebKit/537.36 (KHTML, like Gecko) Chrome/121.0.0.0 Safari/537.36"
83.205.85.143 - - [17/Feb/2024:15:20:52 +0100] "POST /wp-admin/admin-ajax.php HTTP/1.1" 200 58 "http://exo2.exam-datascientest1.cloudns.be/wp-admin/index.php" "Mozilla/5.0 (Macintosh; Intel Mac OS X 10_15_7) AppleWebKit/537.36 (KHTML, like Gecko) Chrome/121.0.0.0 Safari/537.36"
83.205.85.143 - - [17/Feb/2024:15:22:53 +0100] "POST /wp-admin/admin-ajax.php HTTP/1.1" 200 58 "http://exo2.exam-datascientest1.cloudns.be/wp-admin/index.php" "Mozilla/5.0 (Macintosh; Intel Mac OS X 10_15_7) AppleWebKit/537.36 (KHTML, like Gecko) Chrome/121.0.0.0 Safari/537.36"
83.205.85.143 - - [17/Feb/2024:15:24:54 +0100] "POST /wp-admin/admin-ajax.php HTTP/1.1" 200 58 "http://exo2.exam-datascientest1.cloudns.be/wp-admin/index.php" "Mozilla/5.0 (Macintosh; Intel Mac OS X 10_15_7) AppleWebKit/537.36 (KHTML, like Gecko) Chrome/121.0.0.0 Safari/537.36"
83.205.85.143 - - [17/Feb/2024:15:26:55 +0100] "POST /wp-admin/admin-ajax.php HTTP/1.1" 200 58 "http://exo2.exam-datascientest1.cloudns.be/wp-admin/index.php" "Mozilla/5.0 (Macintosh; Intel Mac OS X 10_15_7) AppleWebKit/537.36 (KHTML, like Gecko) Chrome/121.0.0.0 Safari/537.36"
